mkou0@DESKTOP-4LK9H1D MINGW64 ~/desktop/pr
$ git init
Initialized empty Git repository in C:/Users/mkou0/Desktop/pr/.git/

mkou0@DESKTOP-4LK9H1D MINGW64 ~/desktop/pr (master)
$ git remote add origin https://github.com/KoMurase/pr.git

mkou0@DESKTOP-4LK9H1D MINGW64 ~/desktop/pr (master)
$ git commit -m "first commit"
On branch master

Initial commit

Untracked files:
        pr.txt

nothing added to commit but untracked files present

mkou0@DESKTOP-4LK9H1D MINGW64 ~/desktop/pr (master)
$ git push origin master
error: src refspec master does not match any.
error: failed to push some refs to 'https://github.com/KoMurase/pr.git'

mkou0@DESKTOP-4LK9H1D MINGW64 ~/desktop/pr (master)
$ ^C

mkou0@DESKTOP-4LK9H1D MINGW64 ~/desktop/pr (master)
$ git branch

mkou0@DESKTOP-4LK9H1D MINGW64 ~/desktop/pr (master)
$ git status
On branch master

No commits yet

Untracked files:
  (use "git add <file>..." to include in what will be committed)

        pr.txt

nothing added to commit but untracked files present (use "git add" to track)

mkou0@DESKTOP-4LK9H1D MINGW64 ~/desktop/pr (master)
$ git commit -m "first commit"
On branch master

Initial commit

Untracked files:
        pr.txt

nothing added to commit but untracked files present

mkou0@DESKTOP-4LK9H1D MINGW64 ~/desktop/pr (master)
$ git add -A

mkou0@DESKTOP-4LK9H1D MINGW64 ~/desktop/pr (master)
$ git commit -m "first commit"
[master (root-commit) 5d81e98] first commit
 1 file changed, 0 insertions(+), 0 deletions(-)
 create mode 100644 pr.txt

mkou0@DESKTOP-4LK9H1D MINGW64 ~/desktop/pr (master)
$ git push origin master
Enumerating objects: 3, done.
Counting objects: 100% (3/3), done.
Writing objects: 100% (3/3), 208 bytes | 104.00 KiB/s, done.
Total 3 (delta 0), reused 0 (delta 0)
To https://github.com/KoMurase/pr.git
 * [new branch]      master -> master
